
> aurabio-web@0.1.0 build
> next build

Γû▓ Next.js 16.1.1 (Turbopack)
- Environments: .env.local

  Creating an optimized production build ...
Γ£ô Compiled successfully in 21.8s
  Running TypeScript ...
  Collecting page data using 11 workers ...
  Generating static pages using 11 workers (0/14) ...
node.exe : ΓÜá Unsupported metadata viewport is configured in 
metadata export in /_not-found. Please move it to viewport export 
instead.
At C:\Program Files\nodejs\npm.ps1:29 char:3
+   & $NODE_EXE $NPM_CLI_JS $args
+   ~~~~~~~~~~~~~~~~~~~~~~~~~~~~~
    + CategoryInfo          : NotSpecified: (ΓÜá Unsupported...exp 
   ort instead.:String) [], RemoteException
    + FullyQualifiedErrorId : NativeCommandError
 
Read more: https://nextjs.org/docs/app/api-reference/functions/gene
rate-viewport
ΓÜá Unsupported metadata viewport is configured in metadata export 
in /checkout/success. Please move it to viewport export instead.
Read more: https://nextjs.org/docs/app/api-reference/functions/gene
rate-viewport
ΓÜá Unsupported metadata viewport is configured in metadata export 
in /account. Please move it to viewport export instead.
Read more: https://nextjs.org/docs/app/api-reference/functions/gene
rate-viewport
ΓÜá Unsupported metadata viewport is configured in metadata export 
in /checkout. Please move it to viewport export instead.
Read more: https://nextjs.org/docs/app/api-reference/functions/gene
rate-viewport
ΓÜá Unsupported metadata viewport is configured in metadata export 
in /contact. Please move it to viewport export instead.
Read more: https://nextjs.org/docs/app/api-reference/functions/gene
rate-viewport
ΓÜá Unsupported metadata viewport is configured in metadata export 
in /diagnosis. Please move it to viewport export instead.
Read more: https://nextjs.org/docs/app/api-reference/functions/gene
rate-viewport
  Generating static pages using 11 workers (3/14) 
  Generating static pages using 11 workers (6/14) 
ΓÜá Unsupported metadata viewport is configured in metadata export 
in /origin. Please move it to viewport export instead.
Read more: https://nextjs.org/docs/app/api-reference/functions/gene
rate-viewport
ΓÜá Unsupported metadata viewport is configured in metadata export 
in /privacy. Please move it to viewport export instead.
Read more: https://nextjs.org/docs/app/api-reference/functions/gene
rate-viewport
ΓÜá Unsupported metadata viewport is configured in metadata export 
in /refill. Please move it to viewport export instead.
Read more: https://nextjs.org/docs/app/api-reference/functions/gene
rate-viewport
ΓÜá Unsupported metadata viewport is configured in metadata export 
in /system. Please move it to viewport export instead.
Read more: https://nextjs.org/docs/app/api-reference/functions/gene
rate-viewport
ΓÜá Unsupported metadata viewport is configured in metadata export 
in /technology. Please move it to viewport export instead.
Read more: https://nextjs.org/docs/app/api-reference/functions/gene
rate-viewport
ΓÜá Unsupported metadata viewport is configured in metadata export 
in /terms. Please move it to viewport export instead.
Read more: https://nextjs.org/docs/app/api-reference/functions/gene
rate-viewport
  Generating static pages using 11 workers (10/14) 
Γ£ô Generating static pages using 11 workers (14/14) in 1130.1ms
  Finalizing page optimization ...

Route (app)                 Revalidate  Expire
Γöî ╞Æ /
Γö£ Γùï /_not-found
Γö£ Γùï /account
Γö£ ╞Æ /api/checkout
Γö£ ╞Æ /api/webhooks/stripe
Γö£ ╞Æ /cellular-chronos
Γö£ Γùï /checkout
Γö£ Γùï /checkout/success
Γö£ Γùï /contact                        1m      1y
Γö£ ╞Æ /daily-collection
Γö£ Γùï /diagnosis
Γö£ ╞Æ /journal
Γö£ ╞Æ /laboratory-collection
Γö£ Γùï /origin
Γö£ Γùï /privacy                        1m      1y
Γö£ ╞Æ /products
Γö£ ╞Æ /products/[slug]
Γö£ Γùï /refill
Γö£ ╞Æ /studio/[[...index]]
Γö£ Γùï /system
Γö£ Γùï /technology
Γöö Γùï /terms                          1m      1y


Γùï  (Static)   prerendered as static content
╞Æ  (Dynamic)  server-rendered on demand

